2026-03-15 20:36:21 | INFO  | [Config] T=1,000,000, n_traj=500, n_states=10, d=5, K=63, burn_in=1000
2026-03-15 20:36:21 | INFO  | [Config] n_workers=64 (for bootstrap)
2026-03-15 20:36:21 | INFO  | [Config] log_file=logs/bootstrap_20260315_203621.log
2026-03-15 20:36:21 | INFO  | [Problem] ||θ*||=0.5877, max_re(λ(Ā))=-0.5000
2026-03-15 20:36:21 | INFO  | 
Generating 500 trajectories of length T=1,000,000...
2026-03-15 20:36:46 | INFO  | Chain generation done in 24.9s
2026-03-15 20:36:46 | INFO  | 
Running RR (vectorized)...
2026-03-15 20:38:05 | INFO  | RR done in 78.5s: cov=86.8%, L2=1.29e-03
2026-03-15 20:38:05 | INFO  | 
Running Bootstrap (500 trajectories, 64 workers)...
2026-03-15 20:38:34 | INFO  |   Bootstrap [50/500]: cov=94.0%, L2=1.79e-03 | 29s elapsed, ~258s left
2026-03-15 20:38:47 | INFO  |   Bootstrap [100/500]: cov=94.0%, L2=1.64e-03 | 42s elapsed, ~168s left
2026-03-15 20:39:03 | INFO  |   Bootstrap [150/500]: cov=94.0%, L2=1.54e-03 | 58s elapsed, ~136s left
2026-03-15 20:39:18 | INFO  |   Bootstrap [200/500]: cov=93.5%, L2=1.51e-03 | 74s elapsed, ~110s left
2026-03-15 20:39:34 | INFO  |   Bootstrap [250/500]: cov=92.8%, L2=1.48e-03 | 89s elapsed, ~89s left
2026-03-15 20:39:49 | INFO  |   Bootstrap [300/500]: cov=92.7%, L2=1.50e-03 | 105s elapsed, ~70s left
2026-03-15 20:40:03 | INFO  |   Bootstrap [350/500]: cov=92.0%, L2=1.49e-03 | 118s elapsed, ~50s left
2026-03-15 20:40:17 | INFO  |   Bootstrap [400/500]: cov=92.2%, L2=1.50e-03 | 132s elapsed, ~33s left
2026-03-15 20:40:32 | INFO  |   Bootstrap [450/500]: cov=92.9%, L2=1.48e-03 | 147s elapsed, ~16s left
2026-03-15 20:40:44 | INFO  |   Bootstrap [500/500]: cov=92.4%, L2=1.49e-03 | 159s elapsed, ~0s left
2026-03-15 20:40:44 | INFO  | Bootstrap done in 158.7s
2026-03-15 20:40:44 | INFO  | 
============================================================
2026-03-15 20:40:44 | INFO  | Table: RR vs Bootstrap Comparison (T=1,000,000)
2026-03-15 20:40:44 | INFO  | Total time: 237s (4.0min)
2026-03-15 20:40:44 | INFO  | ============================================================
2026-03-15 20:40:44 | INFO  |             RR: Coverage=86.8% ± 1.5%, L2=1.29e-03, CI Width=0.00055
2026-03-15 20:40:44 | INFO  |      Bootstrap: Coverage=92.4% ± 1.2%, L2=1.49e-03, CI Width=0.00054
2026-03-15 20:40:44 | INFO  | 
Results saved to results_bootstrap.csv
2026-03-15 20:40:44 | INFO  | Full log saved to logs/bootstrap_20260315_203621.log
