2026-03-15 20:21:22 | INFO  | [Config] T=1,000,000, n_traj=500, n_states=10, d=5, burn_in=1000
2026-03-15 20:21:22 | INFO  | [Config] K values: [50, 100, 500, 1000]
2026-03-15 20:21:22 | INFO  | [Config] log_file=logs/table2_20260315_202122.log
2026-03-15 20:21:22 | INFO  | [Problem] ||θ*||=2.9402, max_re(λ(Ā))=-0.5000
2026-03-15 20:21:22 | INFO  | 
Generating 500 trajectories of length T=1,000,000...
2026-03-15 20:21:47 | INFO  | Chain generation done in 25.1s
2026-03-15 20:21:47 | INFO  | 
============================================================
2026-03-15 20:21:47 | INFO  | [K=50] Starting (1/4)
2026-03-15 20:21:47 | INFO  | ============================================================
2026-03-15 20:23:06 | INFO  |   RR done: 93.8% ± 1.1%
2026-03-15 20:23:45 | INFO  |   dim 0.2/√k done: 95.0% ± 1.0%
2026-03-15 20:24:25 | INFO  |   dim 0.02/√k done: 63.6% ± 2.2%
2026-03-15 20:24:25 | INFO  | [K=50] Done in 157.8s (2.6min)
2026-03-15 20:24:25 | INFO  | 
============================================================
2026-03-15 20:24:25 | INFO  | [K=100] Starting (2/4)
2026-03-15 20:24:25 | INFO  | ============================================================
2026-03-15 20:25:44 | INFO  |   RR done: 94.4% ± 1.0%
2026-03-15 20:26:24 | INFO  |   dim 0.2/√k done: 95.0% ± 1.0%
2026-03-15 20:27:04 | INFO  |   dim 0.02/√k done: 0.2% ± 0.2%
2026-03-15 20:27:04 | INFO  | [K=100] Done in 158.8s (2.6min)
2026-03-15 20:27:04 | INFO  | 
============================================================
2026-03-15 20:27:04 | INFO  | [K=500] Starting (3/4)
2026-03-15 20:27:04 | INFO  | ============================================================
2026-03-15 20:28:23 | INFO  |   RR done: 95.2% ± 1.0%
2026-03-15 20:29:03 | INFO  |   dim 0.2/√k done: 65.8% ± 2.1%
2026-03-15 20:29:42 | INFO  |   dim 0.02/√k done: 0.0% ± 0.0%
2026-03-15 20:29:42 | INFO  | [K=500] Done in 158.8s (2.6min)
2026-03-15 20:29:42 | INFO  | 
============================================================
2026-03-15 20:29:42 | INFO  | [K=1000] Starting (4/4)
2026-03-15 20:29:42 | INFO  | ============================================================
2026-03-15 20:31:02 | INFO  |   RR done: 95.4% ± 0.9%
2026-03-15 20:31:42 | INFO  |   dim 0.2/√k done: 46.8% ± 2.2%
2026-03-15 20:32:23 | INFO  |   dim 0.02/√k done: 0.0% ± 0.0%
2026-03-15 20:32:23 | INFO  | [K=1000] Done in 160.2s (2.7min)
2026-03-15 20:32:23 | INFO  | 
============================================================
2026-03-15 20:32:23 | INFO  | Table 2: Effect of Batch Number K (T=1,000,000)
2026-03-15 20:32:23 | INFO  | Total time: 636s (10.6min)
2026-03-15 20:32:23 | INFO  | ============================================================
2026-03-15 20:32:23 | INFO  | 
method  0.02/√k (dim)  0.2/√k (dim)  RR (0.2+0.02)
K                                                 
50               63.6          95.0           93.8
100               0.2          95.0           94.4
500               0.0          65.8           95.2
1000              0.0          46.8           95.4
2026-03-15 20:32:23 | INFO  | 
Results saved to results_table2.csv
2026-03-15 20:32:23 | INFO  | Full log saved to logs/table2_20260315_202122.log
