2026-03-15 20:32:23 | INFO  | [Config] n_traj=500, n_states=10, d=5
2026-03-15 20:32:23 | INFO  | [Config] T values: ['1,000', '10,000', '100,000', '1,000,000']
2026-03-15 20:32:23 | INFO  | [Config] log_file=logs/table3_20260315_203223.log
2026-03-15 20:32:23 | INFO  | [Problem] ||θ*||=0.6534, max_re(λ(Ā))=-0.5000
2026-03-15 20:32:23 | INFO  | 
============================================================
2026-03-15 20:32:23 | INFO  | [T=1,000] Starting (1/4), K=7, burn_in=100
2026-03-15 20:32:23 | INFO  | ============================================================
2026-03-15 20:32:23 | INFO  |   Chain generation: 0.0s
2026-03-15 20:32:23 | INFO  |   RR: cov=74.4%, L2=3.97e-02 (0.1s)
2026-03-15 20:32:23 | INFO  |   α=0.2: cov=83.8%, L2=3.78e-02 (0.0s)
2026-03-15 20:32:23 | INFO  |   α=0.02: cov=75.4%, L2=3.75e-02 (0.0s)
2026-03-15 20:32:23 | INFO  |   dim 0.2/√k: cov=56.0%, L2=1.25e-01 (0.0s)
2026-03-15 20:32:23 | INFO  | [T=1,000] All methods done in 0.2s (0.0min)
2026-03-15 20:32:23 | INFO  | 
============================================================
2026-03-15 20:32:23 | INFO  | [T=10,000] Starting (2/4), K=15, burn_in=1000
2026-03-15 20:32:23 | INFO  | ============================================================
2026-03-15 20:32:23 | INFO  |   Chain generation: 0.2s
2026-03-15 20:32:24 | INFO  |   RR: cov=89.2%, L2=1.02e-02 (0.8s)
2026-03-15 20:32:24 | INFO  |   α=0.2: cov=86.6%, L2=1.51e-02 (0.4s)
2026-03-15 20:32:25 | INFO  |   α=0.02: cov=89.0%, L2=1.03e-02 (0.4s)
2026-03-15 20:32:25 | INFO  |   dim 0.2/√k: cov=80.8%, L2=3.32e-02 (0.4s)
2026-03-15 20:32:25 | INFO  | [T=10,000] All methods done in 1.9s (0.0min)
2026-03-15 20:32:25 | INFO  | 
============================================================
2026-03-15 20:32:25 | INFO  | [T=100,000] Starting (3/4), K=31, burn_in=1000
2026-03-15 20:32:25 | INFO  | ============================================================
2026-03-15 20:32:28 | INFO  |   Chain generation: 2.5s
2026-03-15 20:32:35 | INFO  |   RR: cov=92.6%, L2=2.98e-03 (7.6s)
2026-03-15 20:32:39 | INFO  |   α=0.2: cov=41.2%, L2=1.02e-02 (3.8s)
2026-03-15 20:32:43 | INFO  |   α=0.02: cov=91.4%, L2=3.08e-03 (3.8s)
2026-03-15 20:32:47 | INFO  |   dim 0.2/√k: cov=90.0%, L2=9.32e-03 (3.9s)
2026-03-15 20:32:47 | INFO  | [T=100,000] All methods done in 19.0s (0.3min)
2026-03-15 20:32:47 | INFO  | 
============================================================
2026-03-15 20:32:47 | INFO  | [T=1,000,000] Starting (4/4), K=63, burn_in=1000
2026-03-15 20:32:47 | INFO  | ============================================================
2026-03-15 20:33:12 | INFO  |   Chain generation: 25.3s
2026-03-15 20:34:28 | INFO  |   RR: cov=95.0%, L2=9.45e-04 (75.8s)
2026-03-15 20:35:06 | INFO  |   α=0.2: cov=0.0%, L2=9.89e-03 (37.8s)
2026-03-15 20:35:43 | INFO  |   α=0.02: cov=86.6%, L2=1.22e-03 (37.9s)
2026-03-15 20:36:21 | INFO  |   dim 0.2/√k: cov=95.6%, L2=2.40e-03 (38.0s)
2026-03-15 20:36:21 | INFO  | [T=1,000,000] All methods done in 189.6s (3.2min)
2026-03-15 20:36:21 | INFO  | 
============================================================
2026-03-15 20:36:21 | INFO  | Table 3: Effect of Trajectory Length T
2026-03-15 20:36:21 | INFO  | Total time: 239s (4.0min)
2026-03-15 20:36:21 | INFO  | ============================================================
2026-03-15 20:36:21 | INFO  | 
method   0.2/√k (dim)  RR (0.2+0.02)  α=0.02 (const)  α=0.2 (const)
T                                                                  
1000             56.0           74.4            75.4           83.8
10000            80.8           89.2            89.0           86.6
100000           90.0           92.6            91.4           41.2
1000000          95.6           95.0            86.6            0.0
2026-03-15 20:36:21 | INFO  | 
Results saved to results_table3.csv
2026-03-15 20:36:21 | INFO  | Full log saved to logs/table3_20260315_203223.log
