2026-03-15 20:20:57 | INFO  | [Config] n_problems=100, n_traj=100, T=100,000, n_states=10, d=5, K=31, burn_in=1000
2026-03-15 20:20:57 | INFO  | [Config] n_workers=64, log_file=logs/table1_20260315_202057.log
2026-03-15 20:21:07 | INFO  | [Problem 1/100] ||θ*||=0.3028, max_re(λ)=-0.5000 | RR cov=96%, α0.02=93%, α0.2=97% | 11s elapsed, ~1040s left
2026-03-15 20:21:07 | DEBUG |   L2(×1e-3): RR=89.24, α0.02=5.07, α0.2=797.14, dim0.2=9.77, dim0.02=38.34
2026-03-15 20:21:08 | INFO  | [Problem 2/100] ||θ*||=0.2415, max_re(λ)=-0.5000 | RR cov=94%, α0.02=93%, α0.2=69% | 11s elapsed, ~527s left
2026-03-15 20:21:08 | DEBUG |   L2(×1e-3): RR=4.05, α0.02=4.58, α0.2=31.66, dim0.2=8.05, dim0.02=30.72
2026-03-15 20:21:08 | INFO  | [Problem 3/100] ||θ*||=0.6135, max_re(λ)=-0.5000 | RR cov=91%, α0.02=67%, α0.2=0% | 11s elapsed, ~361s left
2026-03-15 20:21:08 | DEBUG |   L2(×1e-3): RR=4.37, α0.02=5.34, α0.2=23.45, dim0.2=11.41, dim0.02=108.93
2026-03-15 20:21:08 | INFO  | [Problem 4/100] ||θ*||=0.8157, max_re(λ)=-0.5000 | RR cov=96%, α0.02=89%, α0.2=0% | 11s elapsed, ~275s left
2026-03-15 20:21:08 | DEBUG |   L2(×1e-3): RR=6.42, α0.02=7.10, α0.2=30.38, dim0.2=13.95, dim0.02=142.54
2026-03-15 20:21:08 | INFO  | [Problem 5/100] ||θ*||=0.6261, max_re(λ)=-0.5000 | RR cov=94%, α0.02=95%, α0.2=85% | 11s elapsed, ~218s left
2026-03-15 20:21:08 | DEBUG |   L2(×1e-3): RR=6.36, α0.02=6.66, α0.2=17.41, dim0.2=12.24, dim0.02=116.35
2026-03-15 20:21:09 | INFO  | [Problem 6/100] ||θ*||=0.1095, max_re(λ)=-0.5000 | RR cov=95%, α0.02=89%, α0.2=5% | 12s elapsed, ~183s left
2026-03-15 20:21:09 | DEBUG |   L2(×1e-3): RR=2.73, α0.02=3.27, α0.2=16.18, dim0.2=4.83, dim0.02=18.40
2026-03-15 20:21:09 | INFO  | [Problem 7/100] ||θ*||=1.1537, max_re(λ)=-0.5000 | RR cov=94%, α0.02=93%, α0.2=4% | 12s elapsed, ~158s left
2026-03-15 20:21:09 | DEBUG |   L2(×1e-3): RR=6.50, α0.02=6.94, α0.2=35.46, dim0.2=15.32, dim0.02=165.55
2026-03-15 20:21:09 | INFO  | [Problem 8/100] ||θ*||=0.1472, max_re(λ)=-0.5000 | RR cov=92%, α0.02=88%, α0.2=0% | 12s elapsed, ~136s left
2026-03-15 20:21:09 | DEBUG |   L2(×1e-3): RR=3.31, α0.02=4.09, α0.2=24.45, dim0.2=7.01, dim0.02=31.21
2026-03-15 20:21:09 | INFO  | [Problem 9/100] ||θ*||=0.2691, max_re(λ)=-0.5000 | RR cov=93%, α0.02=92%, α0.2=86% | 12s elapsed, ~120s left
2026-03-15 20:21:09 | DEBUG |   L2(×1e-3): RR=4.34, α0.02=4.37, α0.2=10.35, dim0.2=8.36, dim0.02=47.56
2026-03-15 20:21:09 | INFO  | [Problem 10/100] ||θ*||=0.4799, max_re(λ)=-0.5000 | RR cov=94%, α0.02=93%, α0.2=64% | 12s elapsed, ~108s left
2026-03-15 20:21:09 | DEBUG |   L2(×1e-3): RR=3.01, α0.02=3.04, α0.2=4.94, dim0.2=5.94, dim0.02=43.43
2026-03-15 20:21:09 | INFO  |   --- Running medians after 10 problems ---
2026-03-15 20:21:09 | INFO  |     α=0.2 (const)       : cov=34.5%, L2=23.95×1e-3
2026-03-15 20:21:09 | INFO  |     α=0.02 (const)      : cov=92.5%, L2=4.82×1e-3
2026-03-15 20:21:09 | INFO  |     RR (0.2+0.02)       : cov=94.0%, L2=4.35×1e-3
2026-03-15 20:21:09 | INFO  |     0.2/√k (dim)        : cov=88.5%, L2=9.07×1e-3
2026-03-15 20:21:09 | INFO  |     0.02/√k (dim)       : cov=0.0%, L2=45.49×1e-3
2026-03-15 20:21:09 | INFO  | [Problem 11/100] ||θ*||=0.1464, max_re(λ)=-0.5000 | RR cov=94%, α0.02=95%, α0.2=27% | 12s elapsed, ~97s left
2026-03-15 20:21:09 | DEBUG |   L2(×1e-3): RR=3.52, α0.02=4.30, α0.2=27.47, dim0.2=5.66, dim0.02=10.47
2026-03-15 20:21:09 | INFO  | [Problem 12/100] ||θ*||=0.3078, max_re(λ)=-0.5000 | RR cov=89%, α0.02=84%, α0.2=0% | 12s elapsed, ~89s left
2026-03-15 20:21:09 | DEBUG |   L2(×1e-3): RR=4.87, α0.02=4.98, α0.2=25.79, dim0.2=8.57, dim0.02=61.46
2026-03-15 20:21:09 | INFO  | [Problem 13/100] ||θ*||=0.3346, max_re(λ)=-0.2741 | RR cov=100%, α0.02=92%, α0.2=100% | 12s elapsed, ~81s left
2026-03-15 20:21:09 | DEBUG |   L2(×1e-3): RR=184944242513590844283584747998311130303871272188654367227324339630928358300985806816061736081564353899201226375989652329006254534449366481663504154624.00, α0.02=4.63, α0.2=1664498182622317802975653940124238139732162418199164592007551749986559678877990780899355406627245120584044050629909684925515492572406842141578245439488.00, dim0.2=9.35, dim0.02=26.33
2026-03-15 20:21:09 | INFO  | [Problem 14/100] ||θ*||=1.3261, max_re(λ)=-0.5000 | RR cov=97%, α0.02=97%, α0.2=82% | 12s elapsed, ~75s left
2026-03-15 20:21:09 | DEBUG |   L2(×1e-3): RR=6.76, α0.02=6.88, α0.2=11.16, dim0.2=15.64, dim0.02=183.16
2026-03-15 20:21:09 | INFO  | [Problem 15/100] ||θ*||=0.5058, max_re(λ)=-0.5000 | RR cov=97%, α0.02=95%, α0.2=0% | 12s elapsed, ~69s left
2026-03-15 20:21:09 | DEBUG |   L2(×1e-3): RR=4.16, α0.02=4.75, α0.2=28.84, dim0.2=11.38, dim0.02=99.17
2026-03-15 20:21:09 | INFO  | [Problem 16/100] ||θ*||=0.7360, max_re(λ)=-0.5000 | RR cov=94%, α0.02=95%, α0.2=80% | 12s elapsed, ~65s left
2026-03-15 20:21:09 | DEBUG |   L2(×1e-3): RR=4.50, α0.02=4.79, α0.2=15.91, dim0.2=10.01, dim0.02=88.09
2026-03-15 20:21:09 | INFO  | [Problem 17/100] ||θ*||=0.2350, max_re(λ)=-0.5000 | RR cov=89%, α0.02=89%, α0.2=90% | 12s elapsed, ~60s left
2026-03-15 20:21:09 | DEBUG |   L2(×1e-3): RR=2.35, α0.02=2.43, α0.2=8.44, dim0.2=4.31, dim0.02=9.29
2026-03-15 20:21:09 | INFO  | [Problem 18/100] ||θ*||=0.3584, max_re(λ)=-0.1727 | RR cov=93%, α0.02=93%, α0.2=93% | 12s elapsed, ~57s left
2026-03-15 20:21:09 | DEBUG |   L2(×1e-3): RR=996762969550155258751480159323594002669289066682599918242144299350806121841557205647876505839522317398407604771473062429194998446900630898788263788544.00, α0.02=9.45, α0.2=8970866725951397873892364655617513936016457516146800029410319209645800307691664236310354637604143351228956478265931732434646190721739128240045595557888.00, dim0.2=13.84, dim0.02=39.76
2026-03-15 20:21:09 | INFO  | [Problem 19/100] ||θ*||=0.3308, max_re(λ)=-0.5000 | RR cov=90%, α0.02=91%, α0.2=42% | 13s elapsed, ~54s left
2026-03-15 20:21:09 | DEBUG |   L2(×1e-3): RR=5.70, α0.02=5.68, α0.2=10.58, dim0.2=10.26, dim0.02=49.29
2026-03-15 20:21:10 | INFO  | [Problem 20/100] ||θ*||=0.2602, max_re(λ)=-0.5000 | RR cov=99%, α0.02=96%, α0.2=24% | 13s elapsed, ~52s left
2026-03-15 20:21:10 | DEBUG |   L2(×1e-3): RR=3.49, α0.02=3.63, α0.2=9.94, dim0.2=6.23, dim0.02=25.03
2026-03-15 20:21:10 | INFO  |   --- Running medians after 20 problems ---
2026-03-15 20:21:10 | INFO  |     α=0.2 (const)       : cov=53.0%, L2=23.95×1e-3
2026-03-15 20:21:10 | INFO  |     α=0.02 (const)      : cov=93.0%, L2=4.77×1e-3
2026-03-15 20:21:10 | INFO  |     RR (0.2+0.02)       : cov=94.0%, L2=4.43×1e-3
2026-03-15 20:21:10 | INFO  |     0.2/√k (dim)        : cov=89.0%, L2=9.56×1e-3
2026-03-15 20:21:10 | INFO  |     0.02/√k (dim)       : cov=0.5%, L2=45.49×1e-3
2026-03-15 20:21:10 | INFO  | [Problem 21/100] ||θ*||=0.1338, max_re(λ)=-0.5000 | RR cov=94%, α0.02=94%, α0.2=70% | 13s elapsed, ~49s left
2026-03-15 20:21:10 | DEBUG |   L2(×1e-3): RR=7.07, α0.02=7.24, α0.2=13.24, dim0.2=16.02, dim0.02=15.48
2026-03-15 20:21:10 | INFO  | [Problem 22/100] ||θ*||=0.8159, max_re(λ)=-0.5000 | RR cov=93%, α0.02=94%, α0.2=6% | 13s elapsed, ~47s left
2026-03-15 20:21:10 | DEBUG |   L2(×1e-3): RR=5.33, α0.02=6.09, α0.2=35.35, dim0.2=11.57, dim0.02=73.14
2026-03-15 20:21:10 | INFO  | [Problem 23/100] ||θ*||=0.0891, max_re(λ)=-0.5000 | RR cov=94%, α0.02=95%, α0.2=55% | 13s elapsed, ~45s left
2026-03-15 20:21:10 | DEBUG |   L2(×1e-3): RR=4.81, α0.02=5.14, α0.2=27.54, dim0.2=9.08, dim0.02=12.98
2026-03-15 20:21:10 | INFO  | [Problem 24/100] ||θ*||=1.0625, max_re(λ)=-0.5000 | RR cov=91%, α0.02=91%, α0.2=61% | 13s elapsed, ~43s left
2026-03-15 20:21:10 | DEBUG |   L2(×1e-3): RR=6.84, α0.02=7.10, α0.2=21.90, dim0.2=15.65, dim0.02=181.17
2026-03-15 20:21:10 | INFO  | [Problem 25/100] ||θ*||=0.6207, max_re(λ)=-0.5000 | RR cov=95%, α0.02=90%, α0.2=1% | 14s elapsed, ~41s left
2026-03-15 20:21:10 | DEBUG |   L2(×1e-3): RR=5.07, α0.02=5.38, α0.2=14.84, dim0.2=10.50, dim0.02=100.56
2026-03-15 20:21:10 | INFO  | [Problem 26/100] ||θ*||=0.3283, max_re(λ)=-0.5000 | RR cov=96%, α0.02=96%, α0.2=88% | 14s elapsed, ~39s left
2026-03-15 20:21:10 | DEBUG |   L2(×1e-3): RR=4.33, α0.02=4.56, α0.2=13.93, dim0.2=9.61, dim0.02=50.64
2026-03-15 20:21:10 | INFO  | [Problem 27/100] ||θ*||=0.2050, max_re(λ)=-0.5000 | RR cov=96%, α0.02=83%, α0.2=0% | 14s elapsed, ~37s left
2026-03-15 20:21:10 | DEBUG |   L2(×1e-3): RR=4.40, α0.02=6.26, α0.2=48.42, dim0.2=8.67, dim0.02=39.59
2026-03-15 20:21:10 | INFO  | [Problem 28/100] ||θ*||=0.1916, max_re(λ)=-0.5000 | RR cov=92%, α0.02=90%, α0.2=84% | 14s elapsed, ~35s left
2026-03-15 20:21:10 | DEBUG |   L2(×1e-3): RR=2.57, α0.02=3.04, α0.2=23.12, dim0.2=4.74, dim0.02=8.76
2026-03-15 20:21:11 | INFO  | [Problem 29/100] ||θ*||=1.0592, max_re(λ)=-0.5000 | RR cov=93%, α0.02=92%, α0.2=52% | 14s elapsed, ~33s left
2026-03-15 20:21:11 | DEBUG |   L2(×1e-3): RR=9.43, α0.02=9.40, α0.2=19.87, dim0.2=23.68, dim0.02=251.72
2026-03-15 20:21:11 | INFO  | [Problem 30/100] ||θ*||=0.1019, max_re(λ)=-0.5000 | RR cov=96%, α0.02=93%, α0.2=1% | 14s elapsed, ~32s left
2026-03-15 20:21:11 | DEBUG |   L2(×1e-3): RR=2.76, α0.02=2.96, α0.2=12.75, dim0.2=4.97, dim0.02=9.06
2026-03-15 20:21:11 | INFO  |   --- Running medians after 30 problems ---
2026-03-15 20:21:11 | INFO  |     α=0.2 (const)       : cov=53.5%, L2=22.51×1e-3
2026-03-15 20:21:11 | INFO  |     α=0.02 (const)      : cov=93.0%, L2=5.02×1e-3
2026-03-15 20:21:11 | INFO  |     RR (0.2+0.02)       : cov=94.0%, L2=4.66×1e-3
2026-03-15 20:21:11 | INFO  |     0.2/√k (dim)        : cov=89.0%, L2=9.69×1e-3
2026-03-15 20:21:11 | INFO  |     0.02/√k (dim)       : cov=1.0%, L2=45.49×1e-3
2026-03-15 20:21:11 | INFO  | [Problem 31/100] ||θ*||=0.1683, max_re(λ)=-0.5000 | RR cov=91%, α0.02=92%, α0.2=92% | 14s elapsed, ~31s left
2026-03-15 20:21:11 | DEBUG |   L2(×1e-3): RR=3.73, α0.02=4.00, α0.2=15.43, dim0.2=6.82, dim0.02=20.11
2026-03-15 20:21:11 | INFO  | [Problem 32/100] ||θ*||=0.6385, max_re(λ)=-0.5000 | RR cov=93%, α0.02=88%, α0.2=0% | 14s elapsed, ~29s left
2026-03-15 20:21:11 | DEBUG |   L2(×1e-3): RR=6.94, α0.02=6.96, α0.2=41.43, dim0.2=14.06, dim0.02=120.89
2026-03-15 20:21:11 | INFO  | [Problem 33/100] ||θ*||=0.8364, max_re(λ)=-0.5000 | RR cov=97%, α0.02=98%, α0.2=99% | 14s elapsed, ~28s left
2026-03-15 20:21:11 | DEBUG |   L2(×1e-3): RR=5.68, α0.02=5.85, α0.2=23.28, dim0.2=14.74, dim0.02=144.32
2026-03-15 20:21:11 | INFO  | [Problem 34/100] ||θ*||=0.3629, max_re(λ)=-0.5000 | RR cov=95%, α0.02=92%, α0.2=5% | 14s elapsed, ~27s left
2026-03-15 20:21:11 | DEBUG |   L2(×1e-3): RR=5.03, α0.02=5.11, α0.2=11.14, dim0.2=9.54, dim0.02=55.07
2026-03-15 20:21:11 | INFO  | [Problem 35/100] ||θ*||=1.2211, max_re(λ)=-0.5000 | RR cov=88%, α0.02=89%, α0.2=89% | 14s elapsed, ~26s left
2026-03-15 20:21:11 | DEBUG |   L2(×1e-3): RR=7.91, α0.02=8.07, α0.2=19.14, dim0.2=16.62, dim0.02=154.80
2026-03-15 20:21:11 | INFO  | [Problem 36/100] ||θ*||=0.7830, max_re(λ)=-0.5000 | RR cov=93%, α0.02=89%, α0.2=0% | 14s elapsed, ~25s left
2026-03-15 20:21:11 | DEBUG |   L2(×1e-3): RR=4.50, α0.02=5.09, α0.2=31.83, dim0.2=11.42, dim0.02=115.24
2026-03-15 20:21:11 | INFO  | [Problem 37/100] ||θ*||=0.7508, max_re(λ)=-0.5000 | RR cov=93%, α0.02=93%, α0.2=3% | 14s elapsed, ~24s left
2026-03-15 20:21:11 | DEBUG |   L2(×1e-3): RR=6.72, α0.02=7.05, α0.2=34.01, dim0.2=13.11, dim0.02=125.26
2026-03-15 20:21:12 | INFO  | [Problem 38/100] ||θ*||=0.7594, max_re(λ)=-0.3514 | RR cov=100%, α0.02=94%, α0.2=100% | 15s elapsed, ~24s left
2026-03-15 20:21:12 | DEBUG |   L2(×1e-3): RR=1844631162366091067392.00, α0.02=7.10, α0.2=16601680461294808858624.00, dim0.2=17.11, dim0.02=148.55
2026-03-15 20:21:12 | INFO  | [Problem 39/100] ||θ*||=0.4361, max_re(λ)=-0.5000 | RR cov=95%, α0.02=92%, α0.2=0% | 15s elapsed, ~24s left
2026-03-15 20:21:12 | DEBUG |   L2(×1e-3): RR=4.61, α0.02=5.59, α0.2=44.40, dim0.2=8.32, dim0.02=73.09
2026-03-15 20:21:12 | INFO  | [Problem 40/100] ||θ*||=0.1930, max_re(λ)=-0.5000 | RR cov=88%, α0.02=82%, α0.2=1% | 15s elapsed, ~23s left
2026-03-15 20:21:12 | DEBUG |   L2(×1e-3): RR=2.87, α0.02=3.46, α0.2=20.61, dim0.2=5.27, dim0.02=14.75
2026-03-15 20:21:12 | INFO  |   --- Running medians after 40 problems ---
2026-03-15 20:21:12 | INFO  |     α=0.2 (const)       : cov=47.0%, L2=23.20×1e-3
2026-03-15 20:21:12 | INFO  |     α=0.02 (const)      : cov=92.0%, L2=5.12×1e-3
2026-03-15 20:21:12 | INFO  |     RR (0.2+0.02)       : cov=94.0%, L2=4.84×1e-3
2026-03-15 20:21:12 | INFO  |     0.2/√k (dim)        : cov=89.0%, L2=9.89×1e-3
2026-03-15 20:21:12 | INFO  |     0.02/√k (dim)       : cov=0.0%, L2=52.85×1e-3
2026-03-15 20:21:12 | INFO  | [Problem 41/100] ||θ*||=0.0360, max_re(λ)=-0.5000 | RR cov=95%, α0.02=92%, α0.2=51% | 15s elapsed, ~22s left
2026-03-15 20:21:12 | DEBUG |   L2(×1e-3): RR=3.14, α0.02=3.40, α0.2=10.83, dim0.2=6.38, dim0.02=6.70
2026-03-15 20:21:13 | INFO  | [Problem 42/100] ||θ*||=0.1573, max_re(λ)=-0.5000 | RR cov=94%, α0.02=94%, α0.2=86% | 16s elapsed, ~22s left
2026-03-15 20:21:13 | DEBUG |   L2(×1e-3): RR=3.67, α0.02=3.85, α0.2=20.28, dim0.2=6.91, dim0.02=25.02
2026-03-15 20:21:13 | INFO  | [Problem 43/100] ||θ*||=0.3785, max_re(λ)=-0.5000 | RR cov=98%, α0.02=90%, α0.2=0% | 16s elapsed, ~21s left
2026-03-15 20:21:13 | DEBUG |   L2(×1e-3): RR=2.09, α0.02=2.33, α0.2=10.44, dim0.2=4.32, dim0.02=27.01
2026-03-15 20:21:13 | INFO  | [Problem 44/100] ||θ*||=0.9539, max_re(λ)=-0.5000 | RR cov=93%, α0.02=95%, α0.2=32% | 16s elapsed, ~20s left
2026-03-15 20:21:13 | DEBUG |   L2(×1e-3): RR=4.75, α0.02=4.77, α0.2=10.21, dim0.2=14.73, dim0.02=167.11
2026-03-15 20:21:13 | INFO  | [Problem 45/100] ||θ*||=0.0892, max_re(λ)=-0.5000 | RR cov=97%, α0.02=77%, α0.2=0% | 16s elapsed, ~20s left
2026-03-15 20:21:13 | DEBUG |   L2(×1e-3): RR=2.67, α0.02=2.91, α0.2=18.33, dim0.2=5.06, dim0.02=9.23
2026-03-15 20:21:13 | INFO  | [Problem 46/100] ||θ*||=0.5425, max_re(λ)=-0.5000 | RR cov=98%, α0.02=96%, α0.2=61% | 16s elapsed, ~19s left
2026-03-15 20:21:13 | DEBUG |   L2(×1e-3): RR=4.88, α0.02=4.85, α0.2=9.30, dim0.2=12.47, dim0.02=93.41
2026-03-15 20:21:14 | INFO  | [Problem 47/100] ||θ*||=0.4111, max_re(λ)=-0.5000 | RR cov=89%, α0.02=83%, α0.2=3% | 17s elapsed, ~19s left
2026-03-15 20:21:14 | DEBUG |   L2(×1e-3): RR=4.34, α0.02=4.76, α0.2=17.38, dim0.2=9.29, dim0.02=58.31
2026-03-15 20:21:14 | INFO  | [Problem 48/100] ||θ*||=0.4850, max_re(λ)=-0.5000 | RR cov=94%, α0.02=96%, α0.2=90% | 17s elapsed, ~18s left
2026-03-15 20:21:14 | DEBUG |   L2(×1e-3): RR=16.67, α0.02=14.29, α0.2=77.68, dim0.2=26.58, dim0.02=183.86
2026-03-15 20:21:14 | INFO  | [Problem 49/100] ||θ*||=0.3680, max_re(λ)=-0.5000 | RR cov=96%, α0.02=90%, α0.2=0% | 17s elapsed, ~18s left
2026-03-15 20:21:14 | DEBUG |   L2(×1e-3): RR=4.16, α0.02=5.13, α0.2=39.75, dim0.2=10.21, dim0.02=75.28
2026-03-15 20:21:14 | INFO  | [Problem 50/100] ||θ*||=0.1555, max_re(λ)=-0.5000 | RR cov=93%, α0.02=93%, α0.2=0% | 17s elapsed, ~17s left
2026-03-15 20:21:14 | DEBUG |   L2(×1e-3): RR=6.18, α0.02=6.77, α0.2=34.54, dim0.2=10.66, dim0.02=26.73
2026-03-15 20:21:14 | INFO  |   --- Running medians after 50 problems ---
2026-03-15 20:21:14 | INFO  |     α=0.2 (const)       : cov=37.0%, L2=21.26×1e-3
2026-03-15 20:21:14 | INFO  |     α=0.02 (const)      : cov=92.0%, L2=5.08×1e-3
2026-03-15 20:21:14 | INFO  |     RR (0.2+0.02)       : cov=94.0%, L2=4.68×1e-3
2026-03-15 20:21:14 | INFO  |     0.2/√k (dim)        : cov=90.0%, L2=9.89×1e-3
2026-03-15 20:21:14 | INFO  |     0.02/√k (dim)       : cov=0.0%, L2=52.85×1e-3
2026-03-15 20:21:14 | INFO  | [Problem 51/100] ||θ*||=0.3042, max_re(λ)=-0.5000 | RR cov=96%, α0.02=96%, α0.2=43% | 18s elapsed, ~17s left
2026-03-15 20:21:14 | DEBUG |   L2(×1e-3): RR=1.99, α0.02=2.02, α0.2=5.75, dim0.2=4.18, dim0.02=13.93
2026-03-15 20:21:15 | INFO  | [Problem 52/100] ||θ*||=0.2192, max_re(λ)=-0.4305 | RR cov=99%, α0.02=95%, α0.2=100% | 18s elapsed, ~16s left
2026-03-15 20:21:15 | DEBUG |   L2(×1e-3): RR=317058.76, α0.02=1.42, α0.2=2853528.97, dim0.2=2.71, dim0.02=10.46
2026-03-15 20:21:15 | INFO  | [Problem 53/100] ||θ*||=0.1855, max_re(λ)=-0.5000 | RR cov=96%, α0.02=92%, α0.2=7% | 18s elapsed, ~16s left
2026-03-15 20:21:15 | DEBUG |   L2(×1e-3): RR=3.12, α0.02=3.49, α0.2=19.51, dim0.2=7.25, dim0.02=28.55
2026-03-15 20:21:15 | INFO  | [Problem 54/100] ||θ*||=0.5348, max_re(λ)=-0.5000 | RR cov=93%, α0.02=83%, α0.2=0% | 18s elapsed, ~15s left
2026-03-15 20:21:15 | DEBUG |   L2(×1e-3): RR=3.00, α0.02=3.50, α0.2=28.60, dim0.2=8.40, dim0.02=88.24
2026-03-15 20:21:15 | INFO  | [Problem 55/100] ||θ*||=0.6864, max_re(λ)=-0.5000 | RR cov=95%, α0.02=93%, α0.2=58% | 18s elapsed, ~15s left
2026-03-15 20:21:15 | DEBUG |   L2(×1e-3): RR=3.99, α0.02=4.44, α0.2=24.67, dim0.2=10.08, dim0.02=105.24
2026-03-15 20:21:15 | INFO  | [Problem 56/100] ||θ*||=1.1500, max_re(λ)=-0.5000 | RR cov=99%, α0.02=98%, α0.2=52% | 18s elapsed, ~14s left
2026-03-15 20:21:15 | DEBUG |   L2(×1e-3): RR=12.09, α0.02=14.45, α0.2=81.09, dim0.2=30.96, dim0.02=297.19
2026-03-15 20:21:15 | INFO  | [Problem 57/100] ||θ*||=0.8166, max_re(λ)=-0.5000 | RR cov=93%, α0.02=92%, α0.2=3% | 18s elapsed, ~14s left
2026-03-15 20:21:15 | DEBUG |   L2(×1e-3): RR=5.23, α0.02=6.23, α0.2=39.26, dim0.2=12.72, dim0.02=145.42
2026-03-15 20:21:15 | INFO  | [Problem 58/100] ||θ*||=1.2158, max_re(λ)=-0.5000 | RR cov=91%, α0.02=92%, α0.2=91% | 18s elapsed, ~13s left
2026-03-15 20:21:15 | DEBUG |   L2(×1e-3): RR=7.66, α0.02=7.81, α0.2=18.23, dim0.2=34.91, dim0.02=352.18
2026-03-15 20:21:15 | INFO  | [Problem 59/100] ||θ*||=0.4613, max_re(λ)=-0.5000 | RR cov=96%, α0.02=96%, α0.2=45% | 19s elapsed, ~13s left
2026-03-15 20:21:15 | DEBUG |   L2(×1e-3): RR=5.16, α0.02=5.46, α0.2=30.23, dim0.2=9.95, dim0.02=82.45
2026-03-15 20:21:16 | INFO  | [Problem 60/100] ||θ*||=0.6828, max_re(λ)=-0.5000 | RR cov=94%, α0.02=91%, α0.2=55% | 19s elapsed, ~12s left
2026-03-15 20:21:16 | DEBUG |   L2(×1e-3): RR=5.03, α0.02=5.20, α0.2=14.22, dim0.2=11.36, dim0.02=115.91
2026-03-15 20:21:16 | INFO  |   --- Running medians after 60 problems ---
2026-03-15 20:21:16 | INFO  |     α=0.2 (const)       : cov=44.0%, L2=22.51×1e-3
2026-03-15 20:21:16 | INFO  |     α=0.02 (const)      : cov=92.0%, L2=5.08×1e-3
2026-03-15 20:21:16 | INFO  |     RR (0.2+0.02)       : cov=94.0%, L2=4.78×1e-3
2026-03-15 20:21:16 | INFO  |     0.2/√k (dim)        : cov=90.0%, L2=9.98×1e-3
2026-03-15 20:21:16 | INFO  |     0.02/√k (dim)       : cov=0.0%, L2=59.88×1e-3
2026-03-15 20:21:16 | INFO  | [Problem 61/100] ||θ*||=0.5395, max_re(λ)=-0.5000 | RR cov=97%, α0.02=94%, α0.2=0% | 19s elapsed, ~12s left
2026-03-15 20:21:16 | DEBUG |   L2(×1e-3): RR=3.65, α0.02=3.73, α0.2=22.13, dim0.2=8.69, dim0.02=89.68
2026-03-15 20:21:16 | INFO  | [Problem 62/100] ||θ*||=0.4562, max_re(λ)=-0.5000 | RR cov=95%, α0.02=94%, α0.2=94% | 19s elapsed, ~12s left
2026-03-15 20:21:16 | DEBUG |   L2(×1e-3): RR=4.76, α0.02=5.10, α0.2=18.24, dim0.2=11.30, dim0.02=114.33
2026-03-15 20:21:16 | INFO  | [Problem 63/100] ||θ*||=0.4158, max_re(λ)=-0.5000 | RR cov=90%, α0.02=88%, α0.2=0% | 19s elapsed, ~11s left
2026-03-15 20:21:16 | DEBUG |   L2(×1e-3): RR=6.44, α0.02=7.24, α0.2=43.28, dim0.2=13.28, dim0.02=96.60
2026-03-15 20:21:16 | INFO  | [Problem 64/100] ||θ*||=0.4219, max_re(λ)=-0.5000 | RR cov=96%, α0.02=96%, α0.2=67% | 19s elapsed, ~11s left
2026-03-15 20:21:16 | DEBUG |   L2(×1e-3): RR=6.87, α0.02=7.31, α0.2=21.00, dim0.2=14.42, dim0.02=98.53
2026-03-15 20:21:18 | INFO  | [Problem 65/100] ||θ*||=0.5004, max_re(λ)=-0.5000 | RR cov=95%, α0.02=94%, α0.2=5% | 22s elapsed, ~12s left
2026-03-15 20:21:18 | DEBUG |   L2(×1e-3): RR=3.80, α0.02=3.90, α0.2=8.54, dim0.2=7.43, dim0.02=81.08
2026-03-15 20:21:19 | INFO  | [Problem 66/100] ||θ*||=0.1225, max_re(λ)=-0.5000 | RR cov=97%, α0.02=91%, α0.2=0% | 22s elapsed, ~11s left
2026-03-15 20:21:19 | DEBUG |   L2(×1e-3): RR=5.89, α0.02=7.18, α0.2=30.99, dim0.2=10.78, dim0.02=21.05
2026-03-15 20:21:19 | INFO  | [Problem 67/100] ||θ*||=0.5025, max_re(λ)=-0.5000 | RR cov=94%, α0.02=92%, α0.2=3% | 22s elapsed, ~11s left
2026-03-15 20:21:19 | DEBUG |   L2(×1e-3): RR=5.14, α0.02=5.83, α0.2=27.82, dim0.2=11.58, dim0.02=93.15
2026-03-15 20:21:19 | INFO  | [Problem 68/100] ||θ*||=0.3227, max_re(λ)=-0.5000 | RR cov=95%, α0.02=95%, α0.2=42% | 22s elapsed, ~11s left
2026-03-15 20:21:19 | DEBUG |   L2(×1e-3): RR=5.14, α0.02=5.07, α0.2=19.24, dim0.2=8.77, dim0.02=36.53
2026-03-15 20:21:19 | INFO  | [Problem 69/100] ||θ*||=0.1367, max_re(λ)=-0.5000 | RR cov=90%, α0.02=88%, α0.2=5% | 23s elapsed, ~10s left
2026-03-15 20:21:19 | DEBUG |   L2(×1e-3): RR=1.76, α0.02=1.95, α0.2=8.94, dim0.2=3.40, dim0.02=6.41
2026-03-15 20:21:20 | INFO  | [Problem 70/100] ||θ*||=0.2140, max_re(λ)=-0.5000 | RR cov=90%, α0.02=91%, α0.2=75% | 23s elapsed, ~10s left
2026-03-15 20:21:20 | DEBUG |   L2(×1e-3): RR=4.61, α0.02=4.70, α0.2=10.12, dim0.2=8.22, dim0.02=28.28
2026-03-15 20:21:20 | INFO  |   --- Running medians after 70 problems ---
2026-03-15 20:21:20 | INFO  |     α=0.2 (const)       : cov=42.0%, L2=21.45×1e-3
2026-03-15 20:21:20 | INFO  |     α=0.02 (const)      : cov=92.0%, L2=5.08×1e-3
2026-03-15 20:21:20 | INFO  |     RR (0.2+0.02)       : cov=94.0%, L2=4.79×1e-3
2026-03-15 20:21:20 | INFO  |     0.2/√k (dim)        : cov=90.0%, L2=9.98×1e-3
2026-03-15 20:21:20 | INFO  |     0.02/√k (dim)       : cov=0.0%, L2=67.27×1e-3
2026-03-15 20:21:20 | INFO  | [Problem 71/100] ||θ*||=0.4600, max_re(λ)=-0.5000 | RR cov=95%, α0.02=94%, α0.2=15% | 23s elapsed, ~9s left
2026-03-15 20:21:20 | DEBUG |   L2(×1e-3): RR=3.01, α0.02=3.14, α0.2=13.37, dim0.2=7.44, dim0.02=76.45
2026-03-15 20:21:20 | INFO  | [Problem 72/100] ||θ*||=0.1071, max_re(λ)=-0.5000 | RR cov=89%, α0.02=86%, α0.2=11% | 23s elapsed, ~9s left
2026-03-15 20:21:20 | DEBUG |   L2(×1e-3): RR=3.15, α0.02=3.15, α0.2=4.61, dim0.2=6.13, dim0.02=17.03
2026-03-15 20:21:20 | INFO  | [Problem 73/100] ||θ*||=0.3950, max_re(λ)=-0.5000 | RR cov=92%, α0.02=92%, α0.2=6% | 23s elapsed, ~9s left
2026-03-15 20:21:20 | DEBUG |   L2(×1e-3): RR=2.87, α0.02=3.09, α0.2=14.04, dim0.2=5.66, dim0.02=31.16
2026-03-15 20:21:20 | INFO  | [Problem 74/100] ||θ*||=0.2878, max_re(λ)=-0.5000 | RR cov=98%, α0.02=95%, α0.2=2% | 23s elapsed, ~8s left
2026-03-15 20:21:20 | DEBUG |   L2(×1e-3): RR=3.03, α0.02=3.26, α0.2=18.81, dim0.2=5.76, dim0.02=13.77
2026-03-15 20:21:20 | INFO  | [Problem 75/100] ||θ*||=1.0643, max_re(λ)=-0.5000 | RR cov=92%, α0.02=92%, α0.2=79% | 23s elapsed, ~8s left
2026-03-15 20:21:20 | DEBUG |   L2(×1e-3): RR=3.31, α0.02=3.54, α0.2=12.13, dim0.2=14.41, dim0.02=181.71
2026-03-15 20:21:20 | INFO  | [Problem 76/100] ||θ*||=0.1555, max_re(λ)=-0.5000 | RR cov=92%, α0.02=92%, α0.2=32% | 23s elapsed, ~7s left
2026-03-15 20:21:20 | DEBUG |   L2(×1e-3): RR=3.71, α0.02=3.78, α0.2=15.11, dim0.2=6.85, dim0.02=12.99
2026-03-15 20:21:20 | INFO  | [Problem 77/100] ||θ*||=0.7294, max_re(λ)=-0.5000 | RR cov=94%, α0.02=86%, α0.2=0% | 23s elapsed, ~7s left
2026-03-15 20:21:20 | DEBUG |   L2(×1e-3): RR=5.66, α0.02=6.74, α0.2=33.64, dim0.2=15.70, dim0.02=139.18
2026-03-15 20:21:20 | INFO  | [Problem 78/100] ||θ*||=0.9685, max_re(λ)=-0.5000 | RR cov=90%, α0.02=89%, α0.2=1% | 23s elapsed, ~7s left
2026-03-15 20:21:20 | DEBUG |   L2(×1e-3): RR=4.94, α0.02=5.67, α0.2=25.59, dim0.2=14.68, dim0.02=158.24
2026-03-15 20:21:20 | INFO  | [Problem 79/100] ||θ*||=0.3651, max_re(λ)=-0.5000 | RR cov=96%, α0.02=92%, α0.2=64% | 23s elapsed, ~6s left
2026-03-15 20:21:20 | DEBUG |   L2(×1e-3): RR=3.56, α0.02=3.48, α0.2=10.02, dim0.2=5.85, dim0.02=41.37
2026-03-15 20:21:20 | INFO  | [Problem 80/100] ||θ*||=0.1270, max_re(λ)=-0.5000 | RR cov=92%, α0.02=89%, α0.2=0% | 23s elapsed, ~6s left
2026-03-15 20:21:20 | DEBUG |   L2(×1e-3): RR=5.55, α0.02=5.87, α0.2=29.34, dim0.2=10.58, dim0.02=24.45
2026-03-15 20:21:20 | INFO  |   --- Running medians after 80 problems ---
2026-03-15 20:21:20 | INFO  |     α=0.2 (const)       : cov=29.5%, L2=20.44×1e-3
2026-03-15 20:21:20 | INFO  |     α=0.02 (const)      : cov=92.0%, L2=5.02×1e-3
2026-03-15 20:21:20 | INFO  |     RR (0.2+0.02)       : cov=94.0%, L2=4.68×1e-3
2026-03-15 20:21:20 | INFO  |     0.2/√k (dim)        : cov=90.5%, L2=9.86×1e-3
2026-03-15 20:21:20 | INFO  |     0.02/√k (dim)       : cov=0.0%, L2=59.88×1e-3
2026-03-15 20:21:20 | INFO  | [Problem 81/100] ||θ*||=0.4126, max_re(λ)=-0.5000 | RR cov=90%, α0.02=90%, α0.2=74% | 23s elapsed, ~5s left
2026-03-15 20:21:20 | DEBUG |   L2(×1e-3): RR=8.99, α0.02=9.16, α0.2=22.25, dim0.2=21.15, dim0.02=148.70
2026-03-15 20:21:20 | INFO  | [Problem 82/100] ||θ*||=0.6071, max_re(λ)=-0.5000 | RR cov=98%, α0.02=96%, α0.2=18% | 23s elapsed, ~5s left
2026-03-15 20:21:20 | DEBUG |   L2(×1e-3): RR=8.01, α0.02=8.03, α0.2=16.13, dim0.2=16.61, dim0.02=71.56
2026-03-15 20:21:20 | INFO  | [Problem 83/100] ||θ*||=0.4588, max_re(λ)=-0.5000 | RR cov=95%, α0.02=96%, α0.2=83% | 23s elapsed, ~5s left
2026-03-15 20:21:20 | DEBUG |   L2(×1e-3): RR=6.08, α0.02=6.06, α0.2=9.60, dim0.2=12.14, dim0.02=83.04
2026-03-15 20:21:21 | INFO  | [Problem 84/100] ||θ*||=0.1896, max_re(λ)=-0.5000 | RR cov=94%, α0.02=89%, α0.2=97% | 24s elapsed, ~5s left
2026-03-15 20:21:21 | DEBUG |   L2(×1e-3): RR=31.21, α0.02=18.96, α0.2=231.07, dim0.2=31.41, dim0.02=68.99
2026-03-15 20:21:21 | INFO  | [Problem 85/100] ||θ*||=0.8684, max_re(λ)=-0.5000 | RR cov=93%, α0.02=76%, α0.2=0% | 24s elapsed, ~4s left
2026-03-15 20:21:21 | DEBUG |   L2(×1e-3): RR=6.54, α0.02=8.61, α0.2=68.04, dim0.2=14.40, dim0.02=142.60
2026-03-15 20:21:21 | INFO  | [Problem 86/100] ||θ*||=0.1100, max_re(λ)=-0.5000 | RR cov=91%, α0.02=90%, α0.2=66% | 24s elapsed, ~4s left
2026-03-15 20:21:21 | DEBUG |   L2(×1e-3): RR=3.23, α0.02=3.41, α0.2=8.79, dim0.2=5.48, dim0.02=6.09
2026-03-15 20:21:21 | INFO  | [Problem 87/100] ||θ*||=0.4888, max_re(λ)=-0.5000 | RR cov=94%, α0.02=93%, α0.2=72% | 24s elapsed, ~4s left
2026-03-15 20:21:21 | DEBUG |   L2(×1e-3): RR=4.76, α0.02=5.77, α0.2=50.20, dim0.2=10.17, dim0.02=75.06
2026-03-15 20:21:21 | INFO  | [Problem 88/100] ||θ*||=0.4173, max_re(λ)=-0.5000 | RR cov=92%, α0.02=93%, α0.2=82% | 24s elapsed, ~3s left
2026-03-15 20:21:21 | DEBUG |   L2(×1e-3): RR=5.42, α0.02=5.54, α0.2=11.25, dim0.2=10.31, dim0.02=57.81
2026-03-15 20:21:21 | INFO  | [Problem 89/100] ||θ*||=0.1722, max_re(λ)=-0.5000 | RR cov=95%, α0.02=92%, α0.2=59% | 24s elapsed, ~3s left
2026-03-15 20:21:21 | DEBUG |   L2(×1e-3): RR=3.64, α0.02=3.64, α0.2=9.80, dim0.2=6.67, dim0.02=29.44
2026-03-15 20:21:21 | INFO  | [Problem 90/100] ||θ*||=0.5681, max_re(λ)=-0.5000 | RR cov=94%, α0.02=90%, α0.2=4% | 24s elapsed, ~3s left
2026-03-15 20:21:21 | DEBUG |   L2(×1e-3): RR=4.03, α0.02=4.42, α0.2=23.47, dim0.2=9.91, dim0.02=95.39
2026-03-15 20:21:21 | INFO  |   --- Running medians after 90 problems ---
2026-03-15 20:21:21 | INFO  |     α=0.2 (const)       : cov=37.0%, L2=20.44×1e-3
2026-03-15 20:21:21 | INFO  |     α=0.02 (const)      : cov=92.0%, L2=5.08×1e-3
2026-03-15 20:21:21 | INFO  |     RR (0.2+0.02)       : cov=94.0%, L2=4.76×1e-3
2026-03-15 20:21:21 | INFO  |     0.2/√k (dim)        : cov=90.0%, L2=10.05×1e-3
2026-03-15 20:21:21 | INFO  |     0.02/√k (dim)       : cov=0.0%, L2=70.28×1e-3
2026-03-15 20:21:21 | INFO  | [Problem 91/100] ||θ*||=0.7176, max_re(λ)=-0.5000 | RR cov=89%, α0.02=89%, α0.2=11% | 24s elapsed, ~2s left
2026-03-15 20:21:21 | DEBUG |   L2(×1e-3): RR=2.70, α0.02=2.84, α0.2=8.01, dim0.2=9.80, dim0.02=117.42
2026-03-15 20:21:21 | INFO  | [Problem 92/100] ||θ*||=0.7087, max_re(λ)=-0.5000 | RR cov=94%, α0.02=93%, α0.2=84% | 24s elapsed, ~2s left
2026-03-15 20:21:21 | DEBUG |   L2(×1e-3): RR=3.53, α0.02=3.56, α0.2=5.85, dim0.2=10.21, dim0.02=117.96
2026-03-15 20:21:21 | INFO  | [Problem 93/100] ||θ*||=0.7025, max_re(λ)=-0.5000 | RR cov=94%, α0.02=92%, α0.2=46% | 24s elapsed, ~2s left
2026-03-15 20:21:21 | DEBUG |   L2(×1e-3): RR=12.22, α0.02=13.44, α0.2=69.75, dim0.2=20.63, dim0.02=48.52
2026-03-15 20:21:21 | INFO  | [Problem 94/100] ||θ*||=0.7049, max_re(λ)=-0.5000 | RR cov=95%, α0.02=91%, α0.2=16% | 24s elapsed, ~2s left
2026-03-15 20:21:21 | DEBUG |   L2(×1e-3): RR=3.62, α0.02=3.73, α0.2=9.30, dim0.2=9.83, dim0.02=114.71
2026-03-15 20:21:21 | INFO  | [Problem 95/100] ||θ*||=0.3346, max_re(λ)=-0.5000 | RR cov=94%, α0.02=84%, α0.2=0% | 24s elapsed, ~1s left
2026-03-15 20:21:21 | DEBUG |   L2(×1e-3): RR=3.17, α0.02=4.00, α0.2=27.45, dim0.2=7.42, dim0.02=61.33
2026-03-15 20:21:21 | INFO  | [Problem 96/100] ||θ*||=0.4631, max_re(λ)=-0.5000 | RR cov=93%, α0.02=72%, α0.2=0% | 24s elapsed, ~1s left
2026-03-15 20:21:21 | DEBUG |   L2(×1e-3): RR=4.79, α0.02=6.82, α0.2=56.96, dim0.2=11.32, dim0.02=84.51
2026-03-15 20:21:21 | INFO  | [Problem 97/100] ||θ*||=0.4595, max_re(λ)=-0.5000 | RR cov=93%, α0.02=95%, α0.2=19% | 24s elapsed, ~1s left
2026-03-15 20:21:21 | DEBUG |   L2(×1e-3): RR=5.23, α0.02=5.86, α0.2=24.95, dim0.2=10.82, dim0.02=51.26
2026-03-15 20:21:21 | INFO  | [Problem 98/100] ||θ*||=0.0950, max_re(λ)=-0.5000 | RR cov=89%, α0.02=90%, α0.2=23% | 25s elapsed, ~1s left
2026-03-15 20:21:21 | DEBUG |   L2(×1e-3): RR=3.33, α0.02=3.62, α0.2=14.67, dim0.2=6.21, dim0.02=14.14
2026-03-15 20:21:21 | INFO  | [Problem 99/100] ||θ*||=0.1913, max_re(λ)=-0.5000 | RR cov=93%, α0.02=90%, α0.2=5% | 25s elapsed, ~0s left
2026-03-15 20:21:21 | DEBUG |   L2(×1e-3): RR=3.74, α0.02=4.30, α0.2=20.60, dim0.2=5.95, dim0.02=13.22
2026-03-15 20:21:22 | INFO  | [Problem 100/100] ||θ*||=0.3903, max_re(λ)=-0.5000 | RR cov=94%, α0.02=92%, α0.2=86% | 25s elapsed, ~0s left
2026-03-15 20:21:22 | DEBUG |   L2(×1e-3): RR=3.47, α0.02=3.76, α0.2=13.41, dim0.2=6.01, dim0.02=32.06
2026-03-15 20:21:22 | INFO  |   --- Running medians after 100 problems ---
2026-03-15 20:21:22 | INFO  |     α=0.2 (const)       : cov=29.5%, L2=20.44×1e-3
2026-03-15 20:21:22 | INFO  |     α=0.02 (const)      : cov=92.0%, L2=5.02×1e-3
2026-03-15 20:21:22 | INFO  |     RR (0.2+0.02)       : cov=94.0%, L2=4.68×1e-3
2026-03-15 20:21:22 | INFO  |     0.2/√k (dim)        : cov=91.0%, L2=9.98×1e-3
2026-03-15 20:21:22 | INFO  |     0.02/√k (dim)       : cov=0.0%, L2=65.23×1e-3
2026-03-15 20:21:22 | INFO  | 
2026-03-15 20:21:22 | INFO  | ================================================================================
2026-03-15 20:21:22 | INFO  | Table 1: Main Comparison (100 problems, T=100,000)
2026-03-15 20:21:22 | INFO  | Total time: 25s (0.4min)
2026-03-15 20:21:22 | INFO  | ================================================================================
2026-03-15 20:21:22 | INFO  | 
--- l2 (×1e-3) ---
2026-03-15 20:21:22 | INFO  | Method                     p10       p25       p50       p75       p90
2026-03-15 20:21:22 | INFO  | α=0.2 (const)             9.30     12.60     20.44     31.15     58.06
2026-03-15 20:21:22 | INFO  | α=0.02 (const)            3.08      3.63      5.02      6.68      7.84
2026-03-15 20:21:22 | INFO  | RR (0.2+0.02)             2.87      3.52      4.68      6.22      9.03
2026-03-15 20:21:22 | INFO  | 0.2/√k (dim)              5.46      6.89      9.98     13.15     16.08
2026-03-15 20:21:22 | INFO  | 0.02/√k (dim)            12.99     26.63     65.23    114.84    155.15
2026-03-15 20:21:22 | INFO  | 
--- width (×1e-3) ---
2026-03-15 20:21:22 | INFO  | Method                     p10       p25       p50       p75       p90
2026-03-15 20:21:22 | INFO  | α=0.2 (const)             2.91      5.16      8.92     14.44     25.00
2026-03-15 20:21:22 | INFO  | α=0.02 (const)            2.48      4.34      7.10     12.26     16.05
2026-03-15 20:21:22 | INFO  | RR (0.2+0.02)             2.50      4.44      7.34     12.73     19.84
2026-03-15 20:21:22 | INFO  | 0.2/√k (dim)              4.98      7.34     12.29     21.28     27.26
2026-03-15 20:21:22 | INFO  | 0.02/√k (dim)             5.78     10.48     23.91     47.64     69.99
2026-03-15 20:21:22 | INFO  | 
--- cov (%) ---
2026-03-15 20:21:22 | INFO  | Method                     p10       p25       p50       p75       p90
2026-03-15 20:21:22 | INFO  | α=0.2 (const)             0.00      1.00     29.50     76.00     90.10
2026-03-15 20:21:22 | INFO  | α=0.02 (const)           85.80     89.75     92.00     94.00     96.00
2026-03-15 20:21:22 | INFO  | RR (0.2+0.02)            90.00     92.00     94.00     96.00     97.00
2026-03-15 20:21:22 | INFO  | 0.2/√k (dim)             83.90     87.00     91.00     95.25     98.00
2026-03-15 20:21:22 | INFO  | 0.02/√k (dim)             0.00      0.00      0.00     51.50     93.20
2026-03-15 20:21:22 | INFO  | 
Results saved to results_table1.csv
2026-03-15 20:21:22 | INFO  | Full log saved to logs/table1_20260315_202057.log
